Reading supports: foam-cap-top
  foam-cap-top: {'support_bodies': 0, 'interface_islands': 0, 'bed_rooted_bodies': 0, 'model_rooted_bodies': 0, 'shortest_build_up_mm': None, 'bodies_without_interface_labels': 0, 'explicit_interface_islands': 0, 'shortest_labelled_build_up_mm': None}
{
  "status": "native_slice_verified_support_removal_review_pending",
  "native_archive": ".cache/prints/2026-09-21-g-ganen-foam-cap-top-mark2-v1/ready/g-ganen-foam-cap-top-black-z004-mark2-v1.gcode.3mf",
  "layers": 61,
  "estimated_seconds": 18595.923828125,
  "estimated_grams_saved_profile_density": 164.7452850341797,
  "toolpath_fit": {
    "left_nozzle_area_mm": [
      [
        0.0,
        0.0
      ],
      [
        325.0,
        320.0
      ]
    ],
    "toolpath_margins": [
      {
        "piece": "foam-cap-top",
        "side_margins_mm": [
          20.900000000000002,
          69.39999999999999,
          20.899999999999977,
          69.4
        ],
        "minimum_margin_mm": 20.899999999999977
      }
    ],
    "minimum_toolpath_bed_margin_mm": 20.899999999999977,
    "pairwise_conservative_gaps": [],
    "minimum_pair_gap_mm": null,
    "bounds_inside_nozzle_area": true,
    "overlap_investigation_needed": false,
    "separation_policy": "The model border is 15 mm. Native paths must stay within the nozzle area and remain separate; actual margins are reported, not converted to an unrequested adhesion setting."
  }
}
