Mark2: FINISH, job 1282199028
Imported display-receiver-trial-black-z004-mark2-v1.gcode.3mf: display-receiver-trial-v1
Dialog: Mark2; external spools mapped; Timelapse On, Auto bed leveling On, Flow dynamic calibration Auto, Nozzle Offset Calibration Auto
Sending attempt 1: one foreground mouse click
Printer reply: {"command": "project_file", "result": "SUCCESS", "reason": "SUCCESS", "err_code": 0}
{
  "printer": "Mark2",
  "observed_at": "2026-09-25T20:06:29.144576+00:00",
  "archive": {
    "name": "display-receiver-trial-black-z004-mark2-v1.gcode.3mf",
    "sha256": "7dc19786bd0245fa3f0c7c5dab8ac529c45fcdc57e09d29a5ccde3d811d417c0",
    "gcode_sha256": "7fc1fce7d1fea2037cafa5c3ea394a99afb9e6c3cb26cbd7f99939e02f3aaa12",
    "slots": {
      "1": {
        "type": "PET-CF",
        "colour": "000000"
      }
    },
    "objects": [
      "display-receiver-trial-v1"
    ]
  },
  "printer_task_id": "1282488338",
  "gcode_state": "RUNNING",
  "subtask_name": "display-receiver-trial-black-z004-mark2-v1.gcode.3mf",
  "print_error": 0,
  "hms": [],
  "layer_num": 0,
  "total_layer_num": 233,
  "mc_remaining_time": 162
}
Launch record: /Users/derekbredensteiner/Developer/homesodamachine/.cache/printer-control/Mark2-1282488338-launch.json
