uncompensated: RMS 0.222 mm, peak 0.372 mm  (setup offset 0.20, ecc 0.125, ovality 0.05)

replay residual (mean over 400 trials): RMS / peak of what is left, mm
   N   sigma  RMS    peak
    8  0.02   0.015  0.028
    8  0.05   0.038  0.070
    8  0.10   0.073  0.134
   12  0.02   0.012  0.023
   12  0.05   0.030  0.055
   12  0.10   0.061  0.113
   24  0.02   0.009  0.017
   24  0.05   0.022  0.041
   24  0.10   0.044  0.081
   36  0.02   0.007  0.013
   36  0.05   0.017  0.033
   36  0.10   0.035  0.065
   72  0.02   0.005  0.009
   72  0.05   0.013  0.023
   72  0.10   0.024  0.045

with a slow drift of 0.10 mm over the lap that the dry run could not see (N=36, sigma=0.05):
   residual RMS 0.061, peak 0.106
with a sensor bias that varies with angle, amplitude 0.05 mm (N=36, sigma=0.02): the fit cannot tell it from the seam
   residual RMS 0.036, peak 0.055  (vs no-bias 0.007)

how many harmonics? truth has a 2x term of 0.05 mm; fit with 1 harmonic only (N=36, sigma=0.02)
   residual RMS 0.036, peak 0.057

fine-axis demand (radial, replay):
   bead  5 mm/s = 0.772 rpm: rev 77.7 s, peak axis speed 0.0182 mm/s, stroke +-0.37 mm
   bead  8 mm/s = 1.235 rpm: rev 48.6 s, peak axis speed 0.0291 mm/s, stroke +-0.37 mm
   bead 15 mm/s = 2.316 rpm: rev 25.9 s, peak axis speed 0.0546 mm/s, stroke +-0.37 mm
   one table step = 0.025 deg = 0.0270 mm of seam travel [repo says 0.027 mm]
