Mark2: FINISH, job 1282488338
Imported display-cover-replacement-mark2-v10.gcode.3mf: display-cover
Dialog: Mark2; external spools mapped; Timelapse On, Auto bed leveling On, Flow dynamic calibration Auto, Nozzle Offset Calibration Auto
Sending attempt 1: one foreground mouse click
Printer reply: {"command": "project_file", "result": "SUCCESS", "reason": "SUCCESS", "err_code": 0}
{
  "printer": "Mark2",
  "observed_at": "2026-09-28T02:48:33.725489+00:00",
  "archive": {
    "name": "display-cover-replacement-mark2-v10.gcode.3mf",
    "sha256": "647df9d220f388e05e23a9ec274b6c2c6240e0cff33151039de03b482d92a509",
    "gcode_sha256": "d4f34722ed90851659be349d9b2f848a2157fdadea1b8fa74a853f5dafa12502",
    "slots": {
      "1": {
        "type": "PET-CF",
        "colour": "000000"
      }
    },
    "objects": [
      "display-cover"
    ]
  },
  "printer_task_id": "1289195332",
  "gcode_state": "RUNNING",
  "subtask_name": "display-cover-replacement-mark2-v10.gcode.3mf",
  "print_error": 0,
  "hms": [],
  "layer_num": 0,
  "total_layer_num": 56,
  "mc_remaining_time": 24
}
Launch record: /Users/derekbredensteiner/Developer/homesodamachine/.cache/printer-control/Mark2-1289195332-launch.json
