Mark2: FINISH, job 1289195332
Imported display-cover-reach05-inset09-black-z004-mark2-v11.gcode.3mf: display-cover-reach-05
Dialog: Mark2; external spools mapped; Timelapse On, Auto bed leveling On, Flow dynamic calibration Auto, Nozzle Offset Calibration Auto
Sending attempt 1: one foreground mouse click
Printer reply: {"command": "project_file", "result": "SUCCESS", "reason": "SUCCESS", "err_code": 0}
{
  "printer": "Mark2",
  "observed_at": "2026-09-28T04:38:34.195922+00:00",
  "archive": {
    "name": "display-cover-reach05-inset09-black-z004-mark2-v11.gcode.3mf",
    "sha256": "d772b498c6eb9525fc0e1e9af1ffd157bd680d426356dbc955d8c206b519602f",
    "gcode_sha256": "d58c95f64f110d5e28aa3c73811bf429515394fab010cf6abb27e1579eb1ed34",
    "slots": {
      "1": {
        "type": "PET-CF",
        "colour": "000000"
      }
    },
    "objects": [
      "display-cover-reach-05"
    ]
  },
  "printer_task_id": "1289348260",
  "gcode_state": "RUNNING",
  "subtask_name": "display-cover-reach05-inset09-black-z004-mark2-v11.gcode.3mf",
  "print_error": 0,
  "hms": [],
  "layer_num": 0,
  "total_layer_num": 58,
  "mc_remaining_time": 23
}
Launch record: /Users/derekbredensteiner/Developer/homesodamachine/.cache/printer-control/Mark2-1289348260-launch.json
