half -1 canonical 2 mm tool/held spring insertion 1 0.0 mm3
half -1 canonical 2 mm tool/held spring insertion 2 0.0 mm3
half -1 canonical 2 mm tool/held spring insertion 3 0.0 mm3
half -1 canonical 2 mm tool/held spring insertion 4 0.0 mm3
half -1 canonical 2 mm tool/held spring insertion 5 0.0 mm3
half -1 canonical 2 mm pusher removal 1 0.0 mm3
half -1 canonical 2 mm pusher removal 2 0.0 mm3
half +1 canonical 2 mm tool/held spring insertion 1 0.0 mm3
half +1 canonical 2 mm tool/held spring insertion 2 0.0 mm3
half +1 canonical 2 mm tool/held spring insertion 3 0.0 mm3
half +1 canonical 2 mm tool/held spring insertion 4 0.0 mm3
half +1 canonical 2 mm tool/held spring insertion 5 0.0 mm3
half +1 canonical 2 mm pusher removal 1 0.0 mm3
half +1 canonical 2 mm pusher removal 2 0.0 mm3
right half/tool reuse past released left spring 1 0.0 mm3
right half/tool reuse past released left spring 2 0.0 mm3
right half/tool reuse past released left spring 3 0.0 mm3
right half/tool reuse past released left spring 4 0.0 mm3
right half/tool reuse past released left spring 5 0.0 mm3
{
  "status": "pass",
  "checks": 38,
  "sweeps": 19,
  "failures": [],
  "report": "/private/tmp/scanner-review/integration-correction/canonical-pusher-v4/focused-native-check.json"
}
