Part 1. Defaults of the scene: scale 1 %, camera moved 5 mm, pointing 0.1 deg, H = 300 mm, latency 125 ms at 0.5 mm/s.  Cost in micrometres
   reading                          scale     camera moved    pointing    latency
   the knee (0 mm apart)                  3            0           0        62
   dot vs rim edge (6.35 mm up)          23          106           0        62
   dot vs the two ports (19 mm)         190            0           0        62
   dot in the room frame                618         5000         524        62

Part 2. Cost of putting each event right, seconds: (stale nodes, suspect nodes) minimum = trials + checks, worst = every suspect also needs its trial
   event                                             gantry               cage            hexapod                arm
   Camera knocked                          1s/7u   310/ 1980   1s/7u   320/ 2130   1s/7u   315/ 1950   1s/7u   310/ 2230
   Lens refocused or zoom touched          3s/7u   560/ 2230   3s/7u   570/ 2380   3s/7u   565/ 2200   3s/7u   560/ 2480
   Room light changed                      1s/8u   261/ 1990   1s/8u   271/ 2140   1s/8u   266/ 1960   1s/8u   261/ 2240
   A new tube is loaded                    2s/0u   360/  360   2s/0u   360/  360   2s/0u   360/  360   2s/0u   360/  360
   Rotator re-clamped to the bench         2s/4u   290/ 1560   2s/4u   300/ 1710   2s/4u   295/ 1530   2s/4u   290/ 1810
   Gun re-seated, red light changed        1s/3u   240/ 1350   1s/3u   240/ 1350   1s/3u   240/ 1350   1s/3u   240/ 1350
   Positioner lost steps                   1s/5u   370/ 1620   1s/5u   520/ 1770   1s/5u   340/ 1590   1s/5u   620/ 1870
   Umbilical re-routed                     0s/6u   230/ 1620   0s/6u   240/ 1770   0s/6u   235/ 1590   0s/6u   230/ 1870
   Afternoon: the bench warms 5 K          0s/9u   254/ 1990   0s/9u   264/ 2140   0s/9u   259/ 1960   0s/9u   254/ 2240
   Driver update or frame-rate change      2s/8u   321/ 2050   2s/8u   331/ 2200   2s/8u   326/ 2020   2s/8u   321/ 2300
   (Ns/Mu = N stale nodes and M suspect nodes; minimum / worst seconds.  A melt witness pass is 900 s and is counted whenever the dot is suspect or stale.)

Unknown counts: gantry: 6, cage: 32, hexapod: 9, arm: 28.  Least poses from a board (2 numbers per pose): gantry: 3, cage: 16, hexapod: 5, arm: 14; poses used: gantry: 25, cage: 40, hexapod: 20, arm: 40
