psi (deg)  camera H over the axis   strip (mm)   wall part of the dot at c=0: image width (mm)   plate-side / total visible at c = 0   rim edge vs seam foot (mm)
    0.0         over the station       0.00                    0.000                         50.0 % / 100.0 %               0.00
    5.9                   599 mm       0.66                    0.049                         50.0 % / 100.0 %               0.66
   11.6                   301 mm       1.30                    0.097                         50.0 % / 100.0 %               1.30
   22.4                   150 mm       2.62                    0.194                         50.0 % / 100.0 %               2.62
   30.0                   107 mm       3.67                    0.272                         50.0 % / 100.0 %               3.67

The wall part of the dot at c = 0 is half of the dot; on the wall it is stretched by 1/sin(beta): 0.472 mm of wall height.
Centre of the centroid slope break (where the first ray reaches the wall): c = -(w/2)/cos(beta) = -0.295 mm  (the dot starts to cross 0.295 mm before its centre is on the seam)

Centroid of ALL visible dot pixels against c (no seam-foot edge known), psi = 11.6 deg: slope 1 on the plate, then the strip takes over
   c = -0.60   centroid -0.600   total visible 100.0 % 
   c = -0.40   centroid -0.400   total visible 100.0 %    slope 1.00
   c = -0.30   centroid -0.300   total visible 100.0 %    slope 1.00
   c = -0.20   centroid -0.205   total visible 100.0 %    slope 0.95
   c = -0.10   centroid -0.122   total visible 100.0 %    slope 0.84
   c = +0.00   centroid -0.050   total visible 100.0 %    slope 0.72
   c = +0.10   centroid +0.011   total visible 100.0 %    slope 0.61
   c = +0.20   centroid +0.061   total visible 100.0 %    slope 0.49
   c = +0.30   centroid +0.099   total visible 100.0 %    slope 0.38
   c = +0.40   centroid +0.131   total visible 100.0 %    slope 0.33
   c = +0.60   centroid +0.197   total visible 100.0 %    slope 0.33
